=========================================================================================================
Full-utterance baseline evaluation (Edinburgh test WAVs)
=========================================================================================================

Method: noisy
Group       N   SNR-in  SNR-out  SSNR-in  SSNR-out  PESQ-NB  PESQ-WB    STOI   SI-SDR
low       218     1.15     1.15    -3.45     -3.45    2.415    1.454   0.869     1.15
mid       415     8.78     8.78     1.44      1.44    2.972    1.941   0.930     8.78
high      191    16.07    16.07     7.37      7.37    3.493    2.607   0.962    16.07
all       824     8.45     8.45     1.52      1.52    2.945    1.967   0.921     8.45

Method: spectral_subtraction
Group       N   SNR-in  SNR-out  SSNR-in  SSNR-out  PESQ-NB  PESQ-WB    STOI   SI-SDR
low       218     1.15    11.04    -3.45      2.73    2.571    1.760   0.868    12.17
mid       415     8.78    16.30     1.44      7.04    3.139    2.316   0.929    16.65
high      191    16.07    18.79     7.37      9.57    3.639    2.914   0.962    18.96
all       824     8.45    15.49     1.52      6.48    3.105    2.308   0.921    16.00

Method: wiener
Group       N   SNR-in  SNR-out  SSNR-in  SSNR-out  PESQ-NB  PESQ-WB    STOI   SI-SDR
low       218     1.15    11.28    -3.45      3.05    2.593    1.788   0.867    12.40
mid       415     8.78    16.40     1.44      7.23    3.168    2.337   0.929    16.75
high      191    16.07    18.79     7.37      9.64    3.667    2.927   0.962    18.96
all       824     8.45    15.60     1.52      6.68    3.131    2.328   0.920    16.11
=========================================================================================================
Per-file CSV: .\logs\full_utterances\baselines_with_postprocess.csv
Spectral subtraction and Wiener outputs use the same inference post-processing as Wave-U-Net.
