nohup: ignoring input
[train] Using device: cuda
[PreprocessedDataset] 24720 segments in /root/autodl-tmp/audio-denoising-main/src/../data/processed_wave/segments/train
[PreprocessedDataset] 7648 segments in /root/autodl-tmp/audio-denoising-main/src/../data/processed_wave/segments/val
[train] LSTM direction: unidirectional
[train] Model parameters: 16,206,737

Epoch 1/100  (lr=3.33e-04)
  train loss=-9.2277 | val loss=-7.7111 | val SI-SDR=7.91 dB
Checkpoint saved -> /root/autodl-tmp/audio-denoising-main/src/../checkpoints/best_wave_unilstm_attention_b128.pt

Epoch 2/100  (lr=6.67e-04)
  train loss=-10.0591 | val loss=-10.2804 | val SI-SDR=10.47 dB
Checkpoint saved -> /root/autodl-tmp/audio-denoising-main/src/../checkpoints/best_wave_unilstm_attention_b128.pt

Epoch 3/100  (lr=1.00e-03)
  train loss=-10.1842 | val loss=-7.9161 | val SI-SDR=8.12 dB
无提升（1/15）

Epoch 4/100  (lr=1.00e-03)
  train loss=-10.1173 | val loss=-10.2553 | val SI-SDR=10.44 dB
无提升（2/15）

Epoch 5/100  (lr=1.00e-03)
  train loss=-10.2903 | val loss=-8.5281 | val SI-SDR=8.74 dB
无提升（3/15）

Epoch 6/100  (lr=9.99e-04)
  train loss=-10.8722 | val loss=-10.6767 | val SI-SDR=10.87 dB
Checkpoint saved -> /root/autodl-tmp/audio-denoising-main/src/../checkpoints/best_wave_unilstm_attention_b128.pt

Epoch 7/100  (lr=9.98e-04)
  train loss=-11.0986 | val loss=-10.7405 | val SI-SDR=10.93 dB
Checkpoint saved -> /root/autodl-tmp/audio-denoising-main/src/../checkpoints/best_wave_unilstm_attention_b128.pt

Epoch 8/100  (lr=9.96e-04)
  train loss=-11.2213 | val loss=-10.7492 | val SI-SDR=10.94 dB
Checkpoint saved -> /root/autodl-tmp/audio-denoising-main/src/../checkpoints/best_wave_unilstm_attention_b128.pt

Epoch 9/100  (lr=9.94e-04)
  train loss=-11.3059 | val loss=-9.2513 | val SI-SDR=9.45 dB
无提升（1/15）

Epoch 10/100  (lr=9.91e-04)
  train loss=-11.5086 | val loss=-11.6669 | val SI-SDR=11.86 dB
Checkpoint saved -> /root/autodl-tmp/audio-denoising-main/src/../checkpoints/best_wave_unilstm_attention_b128.pt

Epoch 11/100  (lr=9.87e-04)
  train loss=-11.7166 | val loss=-11.2763 | val SI-SDR=11.46 dB
无提升（1/15）

Epoch 12/100  (lr=9.83e-04)
  train loss=-11.6066 | val loss=-10.4814 | val SI-SDR=10.67 dB
无提升（2/15）

Epoch 13/100  (lr=9.79e-04)
  train loss=-11.7512 | val loss=-11.5669 | val SI-SDR=11.75 dB
无提升（3/15）

Epoch 14/100  (lr=9.74e-04)
  train loss=-11.8427 | val loss=-11.5574 | val SI-SDR=11.74 dB
无提升（4/15）

Epoch 15/100  (lr=9.69e-04)
  train loss=-12.0036 | val loss=-11.6545 | val SI-SDR=11.83 dB
无提升（5/15）

Epoch 16/100  (lr=9.63e-04)
  train loss=-11.9978 | val loss=-10.4203 | val SI-SDR=10.61 dB
无提升（6/15）

Epoch 17/100  (lr=9.57e-04)
  train loss=-11.9072 | val loss=-11.3946 | val SI-SDR=11.57 dB
无提升（7/15）

Epoch 18/100  (lr=9.50e-04)
  train loss=-12.2120 | val loss=-11.8131 | val SI-SDR=11.99 dB
Checkpoint saved -> /root/autodl-tmp/audio-denoising-main/src/../checkpoints/best_wave_unilstm_attention_b128.pt

Epoch 19/100  (lr=9.43e-04)
  train loss=-12.1546 | val loss=-12.1824 | val SI-SDR=12.36 dB
Checkpoint saved -> /root/autodl-tmp/audio-denoising-main/src/../checkpoints/best_wave_unilstm_attention_b128.pt

Epoch 20/100  (lr=9.35e-04)
  train loss=-12.4128 | val loss=-11.8212 | val SI-SDR=12.01 dB
无提升（1/15）

Epoch 21/100  (lr=9.27e-04)
  train loss=-12.4759 | val loss=-12.2654 | val SI-SDR=12.44 dB
Checkpoint saved -> /root/autodl-tmp/audio-denoising-main/src/../checkpoints/best_wave_unilstm_attention_b128.pt

Epoch 22/100  (lr=9.18e-04)
  train loss=-11.9281 | val loss=-8.3638 | val SI-SDR=8.55 dB
无提升（1/15）

Epoch 23/100  (lr=9.09e-04)
  train loss=-12.2025 | val loss=-10.7909 | val SI-SDR=10.98 dB
无提升（2/15）

Epoch 24/100  (lr=9.00e-04)
  train loss=-12.2674 | val loss=-11.2538 | val SI-SDR=11.44 dB
无提升（3/15）

Epoch 25/100  (lr=8.90e-04)
  train loss=-12.4724 | val loss=-11.7192 | val SI-SDR=11.90 dB
无提升（4/15）

Epoch 26/100  (lr=8.80e-04)
  train loss=-12.4934 | val loss=-11.2113 | val SI-SDR=11.39 dB
无提升（5/15）

Epoch 27/100  (lr=8.69e-04)
  train loss=-12.4296 | val loss=-12.3323 | val SI-SDR=12.51 dB
Checkpoint saved -> /root/autodl-tmp/audio-denoising-main/src/../checkpoints/best_wave_unilstm_attention_b128.pt

Epoch 28/100  (lr=8.58e-04)
  train loss=-12.6484 | val loss=-12.4516 | val SI-SDR=12.62 dB
Checkpoint saved -> /root/autodl-tmp/audio-denoising-main/src/../checkpoints/best_wave_unilstm_attention_b128.pt

Epoch 29/100  (lr=8.46e-04)
  train loss=-12.8169 | val loss=-12.4374 | val SI-SDR=12.61 dB
无提升（1/15）

Epoch 30/100  (lr=8.35e-04)
  train loss=-12.8150 | val loss=-12.3917 | val SI-SDR=12.56 dB
无提升（2/15）

Epoch 31/100  (lr=8.22e-04)
  train loss=-12.9541 | val loss=-12.3714 | val SI-SDR=12.54 dB
无提升（3/15）

Epoch 32/100  (lr=8.10e-04)
  train loss=-12.7593 | val loss=-12.2014 | val SI-SDR=12.38 dB
无提升（4/15）

Epoch 33/100  (lr=7.97e-04)
  train loss=-13.0237 | val loss=-12.6421 | val SI-SDR=12.81 dB
Checkpoint saved -> /root/autodl-tmp/audio-denoising-main/src/../checkpoints/best_wave_unilstm_attention_b128.pt

Epoch 34/100  (lr=7.84e-04)
  train loss=-12.9863 | val loss=-12.6103 | val SI-SDR=12.79 dB
无提升（1/15）

Epoch 35/100  (lr=7.71e-04)
  train loss=-13.0315 | val loss=-12.4184 | val SI-SDR=12.59 dB
无提升（2/15）

Epoch 36/100  (lr=7.57e-04)
  train loss=-12.7769 | val loss=-11.2913 | val SI-SDR=11.48 dB
无提升（3/15）

Epoch 37/100  (lr=7.43e-04)
  train loss=-13.1049 | val loss=-12.9174 | val SI-SDR=13.09 dB
Checkpoint saved -> /root/autodl-tmp/audio-denoising-main/src/../checkpoints/best_wave_unilstm_attention_b128.pt

Epoch 38/100  (lr=7.29e-04)
  train loss=-13.1337 | val loss=-13.0015 | val SI-SDR=13.17 dB
Checkpoint saved -> /root/autodl-tmp/audio-denoising-main/src/../checkpoints/best_wave_unilstm_attention_b128.pt

Epoch 39/100  (lr=7.15e-04)
  train loss=-13.1300 | val loss=-12.9497 | val SI-SDR=13.12 dB
无提升（1/15）

Epoch 40/100  (lr=7.00e-04)
  train loss=-13.3448 | val loss=-12.3817 | val SI-SDR=12.55 dB
无提升（2/15）

Epoch 41/100  (lr=6.85e-04)
  train loss=-13.2327 | val loss=-12.7998 | val SI-SDR=12.97 dB
无提升（3/15）

Epoch 42/100  (lr=6.70e-04)
  train loss=-13.3798 | val loss=-13.0114 | val SI-SDR=13.18 dB
Checkpoint saved -> /root/autodl-tmp/audio-denoising-main/src/../checkpoints/best_wave_unilstm_attention_b128.pt

Epoch 43/100  (lr=6.55e-04)
  train loss=-13.1827 | val loss=-12.8417 | val SI-SDR=13.01 dB
无提升（1/15）

Epoch 44/100  (lr=6.40e-04)
  train loss=-13.1647 | val loss=-12.8582 | val SI-SDR=13.02 dB
无提升（2/15）

Epoch 45/100  (lr=6.24e-04)
  train loss=-13.3925 | val loss=-13.0474 | val SI-SDR=13.22 dB
Checkpoint saved -> /root/autodl-tmp/audio-denoising-main/src/../checkpoints/best_wave_unilstm_attention_b128.pt

Epoch 46/100  (lr=6.08e-04)
  train loss=-13.5417 | val loss=-13.1954 | val SI-SDR=13.36 dB
Checkpoint saved -> /root/autodl-tmp/audio-denoising-main/src/../checkpoints/best_wave_unilstm_attention_b128.pt

Epoch 47/100  (lr=5.93e-04)
  train loss=-13.3748 | val loss=-13.0173 | val SI-SDR=13.18 dB
无提升（1/15）

Epoch 48/100  (lr=5.77e-04)
  train loss=-13.4988 | val loss=-13.1819 | val SI-SDR=13.35 dB
无提升（2/15）

Epoch 49/100  (lr=5.61e-04)
  train loss=-13.5000 | val loss=-13.1736 | val SI-SDR=13.34 dB
无提升（3/15）

Epoch 50/100  (lr=5.45e-04)
  train loss=-13.6745 | val loss=-13.1209 | val SI-SDR=13.29 dB
无提升（4/15）

Epoch 51/100  (lr=5.29e-04)
  train loss=-13.6658 | val loss=-13.0624 | val SI-SDR=13.23 dB
无提升（5/15）

Epoch 52/100  (lr=5.13e-04)
  train loss=-13.7239 | val loss=-13.3526 | val SI-SDR=13.52 dB
Checkpoint saved -> /root/autodl-tmp/audio-denoising-main/src/../checkpoints/best_wave_unilstm_attention_b128.pt

Epoch 53/100  (lr=4.97e-04)
  train loss=-13.7754 | val loss=-13.4058 | val SI-SDR=13.57 dB
Checkpoint saved -> /root/autodl-tmp/audio-denoising-main/src/../checkpoints/best_wave_unilstm_attention_b128.pt

Epoch 54/100  (lr=4.81e-04)
  train loss=-13.8133 | val loss=-13.2696 | val SI-SDR=13.43 dB
无提升（1/15）

Epoch 55/100  (lr=4.65e-04)
  train loss=-13.7911 | val loss=-13.2691 | val SI-SDR=13.43 dB
无提升（2/15）

Epoch 56/100  (lr=4.49e-04)
  train loss=-13.8655 | val loss=-13.1417 | val SI-SDR=13.31 dB
无提升（3/15）

Epoch 57/100  (lr=4.33e-04)
  train loss=-13.8570 | val loss=-13.4537 | val SI-SDR=13.62 dB
Checkpoint saved -> /root/autodl-tmp/audio-denoising-main/src/../checkpoints/best_wave_unilstm_attention_b128.pt

Epoch 58/100  (lr=4.17e-04)
  train loss=-13.9537 | val loss=-13.4036 | val SI-SDR=13.57 dB
无提升（1/15）

Epoch 59/100  (lr=4.02e-04)
  train loss=-13.9221 | val loss=-13.1461 | val SI-SDR=13.31 dB
无提升（2/15）

Epoch 60/100  (lr=3.86e-04)
  train loss=-14.0374 | val loss=-13.5981 | val SI-SDR=13.77 dB
Checkpoint saved -> /root/autodl-tmp/audio-denoising-main/src/../checkpoints/best_wave_unilstm_attention_b128.pt

Epoch 61/100  (lr=3.70e-04)
  train loss=-14.1586 | val loss=-13.3496 | val SI-SDR=13.52 dB
无提升（1/15）

Epoch 62/100  (lr=3.55e-04)
  train loss=-14.1418 | val loss=-13.5130 | val SI-SDR=13.69 dB
无提升（2/15）

Epoch 63/100  (lr=3.40e-04)
  train loss=-14.2155 | val loss=-13.6289 | val SI-SDR=13.81 dB
Checkpoint saved -> /root/autodl-tmp/audio-denoising-main/src/../checkpoints/best_wave_unilstm_attention_b128.pt

Epoch 64/100  (lr=3.25e-04)
  train loss=-14.1758 | val loss=-13.6290 | val SI-SDR=13.81 dB
Checkpoint saved -> /root/autodl-tmp/audio-denoising-main/src/../checkpoints/best_wave_unilstm_attention_b128.pt

Epoch 65/100  (lr=3.10e-04)
  train loss=-14.2693 | val loss=-13.5907 | val SI-SDR=13.77 dB
无提升（1/15）

Epoch 66/100  (lr=2.95e-04)
  train loss=-14.2779 | val loss=-13.6205 | val SI-SDR=13.80 dB
无提升（2/15）

Epoch 67/100  (lr=2.81e-04)
  train loss=-14.3245 | val loss=-13.6826 | val SI-SDR=13.87 dB
Checkpoint saved -> /root/autodl-tmp/audio-denoising-main/src/../checkpoints/best_wave_unilstm_attention_b128.pt

Epoch 68/100  (lr=2.67e-04)
  train loss=-14.3977 | val loss=-13.6233 | val SI-SDR=13.81 dB
无提升（1/15）

Epoch 69/100  (lr=2.53e-04)
  train loss=-14.4178 | val loss=-13.7775 | val SI-SDR=13.97 dB
Checkpoint saved -> /root/autodl-tmp/audio-denoising-main/src/../checkpoints/best_wave_unilstm_attention_b128.pt

Epoch 70/100  (lr=2.39e-04)
  train loss=-14.5001 | val loss=-13.7479 | val SI-SDR=13.94 dB
无提升（1/15）

Epoch 71/100  (lr=2.26e-04)
  train loss=-14.5340 | val loss=-13.7003 | val SI-SDR=13.89 dB
无提升（2/15）

Epoch 72/100  (lr=2.13e-04)
  train loss=-14.6096 | val loss=-13.8665 | val SI-SDR=14.05 dB
Checkpoint saved -> /root/autodl-tmp/audio-denoising-main/src/../checkpoints/best_wave_unilstm_attention_b128.pt

Epoch 73/100  (lr=2.00e-04)
  train loss=-14.5987 | val loss=-13.8535 | val SI-SDR=14.03 dB
无提升（1/15）

Epoch 74/100  (lr=1.88e-04)
  train loss=-14.6380 | val loss=-13.8534 | val SI-SDR=14.03 dB
无提升（2/15）

Epoch 75/100  (lr=1.75e-04)
  train loss=-14.6535 | val loss=-13.8604 | val SI-SDR=14.04 dB
无提升（3/15）

Epoch 76/100  (lr=1.64e-04)
  train loss=-14.6885 | val loss=-13.9426 | val SI-SDR=14.12 dB
Checkpoint saved -> /root/autodl-tmp/audio-denoising-main/src/../checkpoints/best_wave_unilstm_attention_b128.pt

Epoch 77/100  (lr=1.52e-04)
  train loss=-14.7159 | val loss=-13.9687 | val SI-SDR=14.15 dB
Checkpoint saved -> /root/autodl-tmp/audio-denoising-main/src/../checkpoints/best_wave_unilstm_attention_b128.pt

Epoch 78/100  (lr=1.41e-04)
  train loss=-14.7324 | val loss=-13.8998 | val SI-SDR=14.07 dB
无提升（1/15）

Epoch 79/100  (lr=1.30e-04)
  train loss=-14.7349 | val loss=-13.9688 | val SI-SDR=14.14 dB
无提升（2/15）

Epoch 80/100  (lr=1.20e-04)
  train loss=-14.7645 | val loss=-13.9941 | val SI-SDR=14.16 dB
Checkpoint saved -> /root/autodl-tmp/audio-denoising-main/src/../checkpoints/best_wave_unilstm_attention_b128.pt

Epoch 81/100  (lr=1.10e-04)
  train loss=-14.7839 | val loss=-14.0154 | val SI-SDR=14.19 dB
Checkpoint saved -> /root/autodl-tmp/audio-denoising-main/src/../checkpoints/best_wave_unilstm_attention_b128.pt

Epoch 82/100  (lr=1.01e-04)
  train loss=-14.7974 | val loss=-13.9935 | val SI-SDR=14.16 dB
无提升（1/15）

Epoch 83/100  (lr=9.18e-05)
  train loss=-14.7929 | val loss=-13.9946 | val SI-SDR=14.16 dB
无提升（2/15）

Epoch 84/100  (lr=8.32e-05)
  train loss=-14.8223 | val loss=-13.9922 | val SI-SDR=14.16 dB
无提升（3/15）

Epoch 85/100  (lr=7.50e-05)
  train loss=-14.8210 | val loss=-14.0217 | val SI-SDR=14.19 dB
Checkpoint saved -> /root/autodl-tmp/audio-denoising-main/src/../checkpoints/best_wave_unilstm_attention_b128.pt

Epoch 86/100  (lr=6.73e-05)
  train loss=-14.8461 | val loss=-14.0338 | val SI-SDR=14.20 dB
Checkpoint saved -> /root/autodl-tmp/audio-denoising-main/src/../checkpoints/best_wave_unilstm_attention_b128.pt

Epoch 87/100  (lr=6.00e-05)
  train loss=-14.8430 | val loss=-14.0406 | val SI-SDR=14.20 dB
Checkpoint saved -> /root/autodl-tmp/audio-denoising-main/src/../checkpoints/best_wave_unilstm_attention_b128.pt

Epoch 88/100  (lr=5.32e-05)
  train loss=-14.8377 | val loss=-14.0424 | val SI-SDR=14.20 dB
Checkpoint saved -> /root/autodl-tmp/audio-denoising-main/src/../checkpoints/best_wave_unilstm_attention_b128.pt

Epoch 89/100  (lr=4.69e-05)
  train loss=-14.8718 | val loss=-14.0485 | val SI-SDR=14.21 dB
Checkpoint saved -> /root/autodl-tmp/audio-denoising-main/src/../checkpoints/best_wave_unilstm_attention_b128.pt

Epoch 90/100  (lr=4.11e-05)
  train loss=-14.8630 | val loss=-14.0338 | val SI-SDR=14.20 dB
无提升（1/15）

Epoch 91/100  (lr=3.57e-05)
  train loss=-14.8709 | val loss=-14.0561 | val SI-SDR=14.22 dB
Checkpoint saved -> /root/autodl-tmp/audio-denoising-main/src/../checkpoints/best_wave_unilstm_attention_b128.pt

Epoch 92/100  (lr=3.09e-05)
  train loss=-14.8797 | val loss=-13.9995 | val SI-SDR=14.16 dB
无提升（1/15）

Epoch 93/100  (lr=2.65e-05)
  train loss=-14.8915 | val loss=-14.0387 | val SI-SDR=14.20 dB
无提升（2/15）

Epoch 94/100  (lr=2.27e-05)
  train loss=-14.8856 | val loss=-14.0319 | val SI-SDR=14.20 dB
无提升（3/15）

Epoch 95/100  (lr=1.93e-05)
  train loss=-14.8962 | val loss=-14.0701 | val SI-SDR=14.23 dB
Checkpoint saved -> /root/autodl-tmp/audio-denoising-main/src/../checkpoints/best_wave_unilstm_attention_b128.pt

Epoch 96/100  (lr=1.65e-05)
  train loss=-14.9146 | val loss=-14.0494 | val SI-SDR=14.21 dB
无提升（1/15）

Epoch 97/100  (lr=1.41e-05)
  train loss=-14.8653 | val loss=-14.0101 | val SI-SDR=14.17 dB
无提升（2/15）

Epoch 98/100  (lr=1.23e-05)
  train loss=-14.9229 | val loss=-14.0736 | val SI-SDR=14.23 dB
Checkpoint saved -> /root/autodl-tmp/audio-denoising-main/src/../checkpoints/best_wave_unilstm_attention_b128.pt

Epoch 99/100  (lr=1.10e-05)
  train loss=-14.8853 | val loss=-13.9879 | val SI-SDR=14.15 dB
无提升（1/15）

Epoch 100/100  (lr=1.03e-05)
  train loss=-14.9364 | val loss=-14.0227 | val SI-SDR=14.19 dB
无提升（2/15）

[train] 完成。最佳验证集 SI-SDR：14.23 dB
